\BOOKMARK [0][-]{chapter.1}{Learning with Python 3 \(RLE\) - The CSc102 extracts}{}% 1
\BOOKMARK [1][-]{section.1.1}{The way of the program}{chapter.1}% 2
\BOOKMARK [1][-]{section.1.2}{Variables, expressions and statements}{chapter.1}% 3
\BOOKMARK [1][-]{section.1.3}{Hello, little turtles!}{chapter.1}% 4
\BOOKMARK [1][-]{section.1.4}{Functions}{chapter.1}% 5
\BOOKMARK [1][-]{section.1.5}{Conditionals}{chapter.1}% 6
\BOOKMARK [1][-]{section.1.6}{Fruitful functions}{chapter.1}% 7
\BOOKMARK [1][-]{section.1.7}{Iteration}{chapter.1}% 8
\BOOKMARK [1][-]{section.1.8}{Strings}{chapter.1}% 9
\BOOKMARK [1][-]{section.1.9}{Tuples}{chapter.1}% 10
\BOOKMARK [1][-]{section.1.10}{Event-Driven Programming}{chapter.1}% 11
\BOOKMARK [1][-]{section.1.11}{Lists}{chapter.1}% 12
\BOOKMARK [1][-]{section.1.12}{Modules}{chapter.1}% 13
\BOOKMARK [1][-]{section.1.13}{Files}{chapter.1}% 14
\BOOKMARK [1][-]{section.1.14}{List Algorithms}{chapter.1}% 15
\BOOKMARK [1][-]{section.1.15}{Classes and Objects \204 the Basics}{chapter.1}% 16
\BOOKMARK [1][-]{section.1.16}{Classes and Objects \204 Digging a little deeper}{chapter.1}% 17
\BOOKMARK [1][-]{section.1.17}{PyGame}{chapter.1}% 18
\BOOKMARK [1][-]{section.1.18}{Recursion}{chapter.1}% 19
\BOOKMARK [1][-]{section.1.19}{Exceptions}{chapter.1}% 20
\BOOKMARK [1][-]{section.1.20}{Dictionaries}{chapter.1}% 21
\BOOKMARK [1][-]{section.1.21}{Even more OOP}{chapter.1}% 22
\BOOKMARK [1][-]{section.1.22}{Collections of objects}{chapter.1}% 23
\BOOKMARK [1][-]{section.1.23}{Inheritance}{chapter.1}% 24
\BOOKMARK [1][-]{section.1.24}{Debugging}{chapter.1}% 25
\BOOKMARK [1][-]{section.1.25}{An odds-and-ends Workbook}{chapter.1}% 26
\BOOKMARK [1][-]{section.1.26}{Some Tips, Tricks, and Common Errors}{chapter.1}% 27
\BOOKMARK [0][-]{section*.279}{Index}{}% 28
